// Jest Snapshot v1, https://goo.gl/fbAQLP

exports[`test to see if the KeyValueListItem renders correctly 1`] = `
Array [
  <dt
    className="col-6"
    style={
      Object {
        "fontWeight": 400,
        "paddingLeft": 0,
      }
    }
  >
    
  </dt>,
  <dd
    className="col-6"
    style={
      Object {
        "fontWeight": 500,
        "paddingRight": 0,
        "textAlign": "right",
      }
    }
  >
    
  </dd>,
]
`;
