// Jest Snapshot v1, https://goo.gl/fbAQLP

exports[`test to see if the Header renders correctly 1`] = `
<header
  className="__duk-header "
>
  <nav
    className="navbar navbar-expand-lg navbar-dark bg-primary"
  >
    <a
      className="navbar-brand"
      href="#"
    >
      <test-file-stub
        className="__duk-logo  __duk-logo--small"
        title=""
      />
      <h1
        className="__duk-header__brand-title ml-5 mb-0 text-white d-inline-block h6"
      >
        
      </h1>
    </a>
    <button
      aria-controls="__DRC-HEADER-NAVBAR__"
      aria-label="Toggle navigation"
      className="navbar-toggler collapsed"
      onClick={[Function]}
      type="button"
    >
      <span
        className="navbar-toggler-icon"
      />
    </button>
    <div
      aria-expanded={null}
      className="pt-2 pt-lg-0 navbar-collapse collapse"
      id="__DRC-HEADER-NAVBAR__"
    >
      <div
        className="__duk-navbar ml-auto text-right navbar-nav"
        onKeyDown={[Function]}
      >
        Smoke Test
      </div>
    </div>
  </nav>
</header>
`;
